---
source: tests/integration_test.rs
expression: result
---
{
  "author": "Test Author",
  "dependencies": {
    "lodash": "^4.17.21",
    "react": "^18.0.0"
  },
  "description": "A test package for sorting",
  "devDependencies": {
    "jest": "^29.0.0",
    "webpack": "^5.0.0"
  },
  "keywords": [
    "test",
    "example"
  ],
  "license": "MIT",
  "name": "test-package",
  "scripts": {
    "build": "webpack",
    "test": "jest"
  },
  "version": "1.0.0"
}
