---
source: tests/integration_test.rs
expression: result
---
{
  "name": "test-package",
  "version": "1.0.0",
  "description": "A test package for sorting",
  "keywords": [
    "example",
    "json",
    "sorting",
    "test"
  ],
  "homepage": "https://github.com/test/test-package#readme",
  "bugs": {
    "url": "https://github.com/test/test-package/issues",
    "email": "bugs@example.com"
  },
  "repository": {
    "type": "git",
    "url": "https://github.com/test/test-package"
  },
  "license": "MIT",
  "author": {
    "name": "Test Author",
    "email": "author@example.com",
    "url": "https://example.com"
  },
  "maintainers": [
    {
      "name": "Maintainer One",
      "email": "maintainer1@example.com",
      "url": "https://maintainer1.com"
    },
    {
      "name": "Maintainer Two",
      "email": "maintainer2@example.com",
      "url": "https://maintainer2.com"
    }
  ],
  "exports": {
    ".": {
      "types": "./dist/index.d.ts",
      "import": "./dist/index.esm.js",
      "require": "./dist/index.cjs",
      "default": "./dist/index.js"
    },
    "./package.json": "./package.json",
    "./utils": {
      "types": "./dist/utils.d.ts",
      "import": "./dist/utils.esm.js",
      "default": "./dist/utils.js"
    }
  },
  "main": "./dist/index.js",
  "module": "./dist/index.esm.js",
  "types": "./dist/index.d.ts",
  "files": [
    "LICENSE",
    "README.md",
    "dist",
    "src"
  ],
  "scripts": {
    "test": "jest",
    "posttest": "echo 'Tests complete'",
    "build": "webpack",
    "lint": "eslint .",
    "pretest": "echo 'Starting tests'",
    "dev": "webpack serve"
  },
  "babel": {
    "plugins": [
      "@babel/plugin-proposal-class-properties"
    ],
    "presets": [
      "@babel/preset-env",
      "@babel/preset-react"
    ]
  },
  "dependencies": {
    "axios": "^1.0.0",
    "lodash": "^4.17.21",
    "react": "^18.0.0"
  },
  "devDependencies": {
    "jest": "^29.0.0",
    "typescript": "^5.0.0",
    "webpack": "^5.0.0"
  },
  "engines": {
    "node": ">=18.0.0",
    "npm": ">=8.0.0"
  },
  "publishConfig": {
    "access": "public"
  },
  "customField": "this is a custom unknown field",
  "_custom": "another private field",
  "_id": "test-package@1.0.0"
}
