---
source: tests/integration_test.rs
expression: result
---
{
  "$schema": "https://json.schemastore.org/package",
  "name": "test-package",
  "displayName": "Test Package Display",
  "version": "1.0.0",
  "description": "A comprehensive test package for sorting",
  "categories": [
    "testing",
    "utilities"
  ],
  "keywords": [
    "example",
    "json",
    "sorting",
    "test"
  ],
  "homepage": "https://github.com/test/test-package#readme",
  "bugs": {
    "url": "https://github.com/test/test-package/issues",
    "email": "bugs@example.com"
  },
  "license": "MIT",
  "author": {
    "name": "Test Author",
    "email": "author@example.com",
    "url": "https://example.com"
  },
  "maintainers": [
    "Zebra Maintainer <zebra@example.com>",
    "Apple Maintainer <apple@example.com>",
    {
      "url": "https://maintainer1.com",
      "name": "Object Maintainer",
      "email": "maintainer1@example.com"
    }
  ],
  "contributors": [
    "Zebra Contributor <zebra@example.com>",
    {
      "name": "Zebra Person",
      "email": "zebra@example.com",
      "url": "https://zebra.example.com"
    },
    {
      "name": "Apple Person",
      "email": "apple@example.com",
      "url": "https://apple.example.com"
    }
  ],
  "repository": {
    "type": "git",
    "url": "https://github.com/test/test-package"
  },
  "funding": {
    "type": "github",
    "url": "https://github.com/sponsors/test"
  },
  "man": "./man/doc.1",
  "bin": {
    "app": "./bin/app.js",
    "cli": "./bin/cli.js"
  },
  "directories": {
    "lib": "./lib",
    "bin": "./bin",
    "doc": "./docs",
    "test": "./tests"
  },
  "files": [
    "dist",
    "LICENSE",
    "README.md",
    "src",
    "bin/cli.js",
    "src/index.js",
    "src/generated/constants.js",
    "src/utils/helper.js"
  ],
  "type": "module",
  "main": "./dist/index.js",
  "module": "./dist/index.esm.js",
  "browser": "./dist/browser.js",
  "types": "./dist/index.d.ts",
  "exports": {
    ".": {
      "types": "./dist/index.d.ts",
      "require": "./dist/index.cjs",
      "import": "./dist/index.esm.js",
      "default": "./dist/index.js"
    },
    "./paths-should-keep-b_a": {
      "b": "./index.cjs",
      "a": "./index.js"
    },
    "./package.json": "./package.json",
    "./utils": {
      "types": "./dist/utils.d.ts",
      "import": "./dist/utils.esm.js",
      "default": "./dist/utils.js"
    }
  },
  "publishConfig": {
    "access": "public",
    "registry": "https://registry.npmjs.org/"
  },
  "scripts": {
    "build": "webpack",
    "dev": "webpack serve",
    "lint": "eslint .",
    "posttest": "echo 'Tests complete'",
    "pretest": "echo 'Starting tests'",
    "test": "jest"
  },
  "dependencies": {
    "axios": "^1.0.0",
    "lodash": "^4.17.21",
    "react": "^18.0.0"
  },
  "devDependencies": {
    "jest": "^29.0.0",
    "typescript": "^5.0.0",
    "webpack": "^5.0.0"
  },
  "peerDependencies": {
    "react": ">=16.0.0"
  },
  "optionalDependencies": {
    "fsevents": "^2.0.0"
  },
  "bundledDependencies": [
    "axios",
    "lodash"
  ],
  "resolutions": {
    "lodash": "^4.17.21"
  },
  "husky": {
    "hooks": {
      "pre-commit": "lint-staged"
    }
  },
  "lint-staged": {
    "*.js": [
      "eslint --fix",
      "git add"
    ]
  },
  "babel": {
    "plugins": [
      "@babel/plugin-proposal-class-properties"
    ],
    "presets": [
      "@babel/preset-env",
      "@babel/preset-react"
    ]
  },
  "prettier": {
    "semi": false,
    "singleQuote": true
  },
  "eslintConfig": {
    "env": {
      "node": true
    },
    "extends": [
      "eslint:recommended"
    ]
  },
  "jest": {
    "collectCoverage": true,
    "testEnvironment": "node"
  },
  "engines": {
    "node": ">=18.0.0",
    "npm": ">=8.0.0"
  },
  "volta": {
    "node": "18.0.0"
  },
  "packageManager": "npm@8.0.0",
  "anotherCustom": "another custom field",
  "customField": "this is a custom unknown field",
  "_custom": "private field with underscore",
  "_id": "test-package@1.0.0",
  "_internal": "another private field"
}
